// Jest Snapshot v1, https://goo.gl/fbAQLP

exports[`renders correctly 1`] = `
<View
  style={
    Object {
      "backgroundColor": "navy",
      "flex": 1,
      "flexDirection": "row",
      "justifyContent": "space-evenly",
    }
  }
>
  <View>
    <View
      accessible={true}
      focusable={true}
      onClick={[Function]}
      onResponderGrant={[Function]}
      onResponderMove={[Function]}
      onResponderRelease={[Function]}
      onResponderTerminate={[Function]}
      onResponderTerminationRequest={[Function]}
      onStartShouldSetResponder={[Function]}
      style={
        Object {
          "alignItems": "center",
          "backgroundColor": "black",
          "borderRadius": 28,
          "height": 52,
          "justifyContent": "center",
          "margin": 7,
          "width": 52,
        }
      }
    >
      <Text
        allowFontScaling={false}
        style={
          Array [
            Object {
              "color": "white",
              "fontSize": 24,
            },
            Object {
              "backgroundColor": "transparent",
            },
            Object {
              "fontFamily": "Material Design Icons",
              "fontStyle": "normal",
              "fontWeight": "normal",
            },
            Object {},
          ]
        }
        testID="iconIcon"
      >
        
      </Text>
    </View>
  </View>
  <View>
    <View
      accessible={true}
      focusable={true}
      onClick={[Function]}
      onResponderGrant={[Function]}
      onResponderMove={[Function]}
      onResponderRelease={[Function]}
      onResponderTerminate={[Function]}
      onResponderTerminationRequest={[Function]}
      onStartShouldSetResponder={[Function]}
      style={
        Object {
          "alignItems": "center",
          "backgroundColor": "black",
          "borderRadius": 28,
          "height": 52,
          "justifyContent": "center",
          "margin": 7,
          "width": 52,
        }
      }
    >
      <Text
        allowFontScaling={false}
        style={
          Array [
            Object {
              "color": "white",
              "fontSize": 24,
            },
            Object {
              "backgroundColor": "transparent",
            },
            Object {
              "fontFamily": "Material Design Icons",
              "fontStyle": "normal",
              "fontWeight": "normal",
            },
            Object {},
          ]
        }
        testID="iconIcon"
      >
        
      </Text>
    </View>
  </View>
  <View>
    <View
      accessible={true}
      focusable={true}
      onClick={[Function]}
      onResponderGrant={[Function]}
      onResponderMove={[Function]}
      onResponderRelease={[Function]}
      onResponderTerminate={[Function]}
      onResponderTerminationRequest={[Function]}
      onStartShouldSetResponder={[Function]}
      style={
        Object {
          "alignItems": "center",
          "backgroundColor": "black",
          "borderRadius": 28,
          "height": 52,
          "justifyContent": "center",
          "margin": 7,
          "width": 52,
        }
      }
    >
      <Text
        allowFontScaling={false}
        style={
          Array [
            Object {
              "color": "white",
              "fontSize": 24,
            },
            Object {
              "backgroundColor": "transparent",
            },
            Object {
              "fontFamily": "Material Design Icons",
              "fontStyle": "normal",
              "fontWeight": "normal",
            },
            Object {},
          ]
        }
        testID="iconIcon"
      >
        
      </Text>
    </View>
  </View>
  <View>
    <View
      accessible={true}
      focusable={true}
      onClick={[Function]}
      onResponderGrant={[Function]}
      onResponderMove={[Function]}
      onResponderRelease={[Function]}
      onResponderTerminate={[Function]}
      onResponderTerminationRequest={[Function]}
      onStartShouldSetResponder={[Function]}
      style={
        Object {
          "alignItems": "center",
          "backgroundColor": "black",
          "borderRadius": 28,
          "height": 52,
          "justifyContent": "center",
          "margin": 7,
          "width": 52,
        }
      }
    >
      <Text
        allowFontScaling={false}
        style={
          Array [
            Object {
              "color": "white",
              "fontSize": 24,
            },
            Object {
              "backgroundColor": "transparent",
            },
            Object {
              "fontFamily": "Material Design Icons",
              "fontStyle": "normal",
              "fontWeight": "normal",
            },
            Object {},
          ]
        }
        testID="iconIcon"
      >
        
      </Text>
    </View>
  </View>
</View>
`;
