// Jest Snapshot v1, https://goo.gl/fbAQLP

exports[`UserGroup component should render the UserGroup component 1`] = `
<div
  class="MuiContainer-root MuiContainer-maxWidthLg"
>
  <ul
    class="MuiList-root MuiList-padding MuiList-subheader"
  >
    <li
      class="MuiListSubheader-root MuiListSubheader-colorInherit MuiListSubheader-sticky MuiListSubheader-gutters"
    >
      <span
        class="MuiTypography-root"
      >
        Groups
      </span>
    </li>
  </ul>
  <ul
    class="MuiList-root MuiList-padding MuiList-subheader"
  >
    <li
      class="MuiListSubheader-root MuiListSubheader-colorInherit MuiListSubheader-sticky MuiListSubheader-gutters"
    >
      <span
        class="MuiTypography-root"
      >
        Usernames
      </span>
    </li>
  </ul>
  <main
    class="MuiContainer-root MuiContainer-maxWidthXs"
  >
    
    
    <h1
      class="MuiTypography-root MuiTypography-h5"
    >
      Add User to Group
    </h1>
    <p
      class="MuiTypography-root MuiTypography-body1"
    >
      Add user to a group. If groupId does not exist, a new group will be created with the provided groupId
    </p>
    <form
      novalidate=""
    >
      <div
        class="MuiFormControl-root MuiTextField-root MuiFormControl-marginNormal MuiFormControl-fullWidth"
      >
        <label
          class="MuiFormLabel-root MuiInputLabel-root MuiInputLabel-formControl MuiInputLabel-animated MuiInputLabel-outlined Mui-required Mui-required"
          data-shrink="false"
        >
          GroupId
          <span
            class="MuiFormLabel-asterisk MuiInputLabel-asterisk"
          >
             
            *
          </span>
        </label>
        <div
          class="MuiInputBase-root MuiOutlinedInput-root MuiInputBase-fullWidth MuiInputBase-formControl"
        >
          <input
            aria-invalid="false"
            class="MuiInputBase-input MuiOutlinedInput-input"
            name="groupId"
            required=""
            type="text"
            value=""
          />
          <fieldset
            aria-hidden="true"
            class="PrivateNotchedOutline-root-107 MuiOutlinedInput-notchedOutline"
          >
            <legend
              class="PrivateNotchedOutline-legendLabelled-109"
            >
              <span>
                GroupId
                 *
              </span>
            </legend>
          </fieldset>
        </div>
      </div>
      <div
        class="MuiFormControl-root MuiTextField-root MuiFormControl-marginNormal MuiFormControl-fullWidth"
      >
        <label
          class="MuiFormLabel-root MuiInputLabel-root MuiInputLabel-formControl MuiInputLabel-animated MuiInputLabel-outlined Mui-required Mui-required"
          data-shrink="false"
        >
          Username
          <span
            class="MuiFormLabel-asterisk MuiInputLabel-asterisk"
          >
             
            *
          </span>
        </label>
        <div
          class="MuiInputBase-root MuiOutlinedInput-root MuiInputBase-fullWidth MuiInputBase-formControl"
        >
          <input
            aria-invalid="false"
            class="MuiInputBase-input MuiOutlinedInput-input"
            name="username"
            required=""
            type="text"
            value=""
          />
          <fieldset
            aria-hidden="true"
            class="PrivateNotchedOutline-root-107 MuiOutlinedInput-notchedOutline"
          >
            <legend
              class="PrivateNotchedOutline-legendLabelled-109"
            >
              <span>
                Username
                 *
              </span>
            </legend>
          </fieldset>
        </div>
      </div>
      <button
        class="MuiButtonBase-root MuiButton-root MuiButton-contained MuiButton-containedPrimary MuiButton-fullWidth"
        tabindex="0"
        type="submit"
      >
        <span
          class="MuiButton-label"
        >
          Submit
        </span>
        <span
          class="MuiTouchRipple-root"
        />
      </button>
    </form>
  </main>
</div>
`;
